// Jest Snapshot v1, https://goo.gl/fbAQLP

exports[`Login test scenarios matches the snapshot when a user logs in 1`] = `
Object {
  "asFragment": [Function],
  "baseElement": <body>
    <div>
      <section
        class="py-sm-5"
      >
        <div
          class="container px-3"
        >
          <div
            class="row align-items-center"
            style="text-align: center;"
          >
            <div
              class="col-md-6 mt-2 text-center"
            >
              <img
                align="left"
                alt="Poll Now"
                margin="10%"
                src="WYR.jpg"
                width="90%"
              />
            </div>
            <div
              class="col-md-6 mt-4"
              margin="100%"
            >
              <h1
                class="login"
                style="font-size: 30px;"
              >
                Login! for Employee Polls
              </h1>
              <h2
                style="color: red; font-size: 20px;"
              >
                 Would you Rather!! 
              </h2>
              <form>
                <div
                  class="field"
                >
                  <label
                    style="display: block; font-size: 20px;"
                  >
                     Select The User from the list 
                  </label>
                  <select
                    data-testid="username-select"
                    id="login"
                    name="Username"
                    required=""
                    style="padding: .5rem .8rem .5rem .8rem; margin: 20px 5px;"
                  >
                    <option
                      disabled=""
                    >
                      ChooseUser
                    </option>
                  </select>
                </div>
                <button
                  class="btn  btn-dark px-4 my-2"
                  data-testid="submit-button"
                  disabled=""
                  type="submit"
                >
                  Login
                </button>
              </form>
            </div>
          </div>
        </div>
      </section>
    </div>
  </body>,
  "container": <div>
    <section
      class="py-sm-5"
    >
      <div
        class="container px-3"
      >
        <div
          class="row align-items-center"
          style="text-align: center;"
        >
          <div
            class="col-md-6 mt-2 text-center"
          >
            <img
              align="left"
              alt="Poll Now"
              margin="10%"
              src="WYR.jpg"
              width="90%"
            />
          </div>
          <div
            class="col-md-6 mt-4"
            margin="100%"
          >
            <h1
              class="login"
              style="font-size: 30px;"
            >
              Login! for Employee Polls
            </h1>
            <h2
              style="color: red; font-size: 20px;"
            >
               Would you Rather!! 
            </h2>
            <form>
              <div
                class="field"
              >
                <label
                  style="display: block; font-size: 20px;"
                >
                   Select The User from the list 
                </label>
                <select
                  data-testid="username-select"
                  id="login"
                  name="Username"
                  required=""
                  style="padding: .5rem .8rem .5rem .8rem; margin: 20px 5px;"
                >
                  <option
                    disabled=""
                  >
                    ChooseUser
                  </option>
                </select>
              </div>
              <button
                class="btn  btn-dark px-4 my-2"
                data-testid="submit-button"
                disabled=""
                type="submit"
              >
                Login
              </button>
            </form>
          </div>
        </div>
      </div>
    </section>
  </div>,
  "debug": [Function],
  "findAllByAltText": [Function],
  "findAllByDisplayValue": [Function],
  "findAllByLabelText": [Function],
  "findAllByPlaceholderText": [Function],
  "findAllByRole": [Function],
  "findAllByTestId": [Function],
  "findAllByText": [Function],
  "findAllByTitle": [Function],
  "findByAltText": [Function],
  "findByDisplayValue": [Function],
  "findByLabelText": [Function],
  "findByPlaceholderText": [Function],
  "findByRole": [Function],
  "findByTestId": [Function],
  "findByText": [Function],
  "findByTitle": [Function],
  "getAllByAltText": [Function],
  "getAllByDisplayValue": [Function],
  "getAllByLabelText": [Function],
  "getAllByPlaceholderText": [Function],
  "getAllByRole": [Function],
  "getAllByTestId": [Function],
  "getAllByText": [Function],
  "getAllByTitle": [Function],
  "getByAltText": [Function],
  "getByDisplayValue": [Function],
  "getByLabelText": [Function],
  "getByPlaceholderText": [Function],
  "getByRole": [Function],
  "getByTestId": [Function],
  "getByText": [Function],
  "getByTitle": [Function],
  "queryAllByAltText": [Function],
  "queryAllByDisplayValue": [Function],
  "queryAllByLabelText": [Function],
  "queryAllByPlaceholderText": [Function],
  "queryAllByRole": [Function],
  "queryAllByTestId": [Function],
  "queryAllByText": [Function],
  "queryAllByTitle": [Function],
  "queryByAltText": [Function],
  "queryByDisplayValue": [Function],
  "queryByLabelText": [Function],
  "queryByPlaceholderText": [Function],
  "queryByRole": [Function],
  "queryByTestId": [Function],
  "queryByText": [Function],
  "queryByTitle": [Function],
  "rerender": [Function],
  "unmount": [Function],
}
`;
