// Jest Snapshot v1, https://goo.gl/fbAQLP

exports[`NewPoll should match snapshot 1`] = `
Object {
  "asFragment": [Function],
  "baseElement": <body>
    <div />
    <div>
      <form
        class="w-75 bg-light px-4 py-4"
      >
        <h6>
           Asked Would You Rather:
        </h6>
        <div
          class="form-group row mt-4"
        >
          <label
            class="col-sm-2 col-form-label"
            for="optionOne"
          >
            Option One
          </label>
          <div
            class="col-sm-9"
          >
            <input
              class="form-control"
              id="optionOne"
              name="optionOne"
              required=""
              type="text"
              value=""
            />
          </div>
        </div>
        <div
          class="form-group row mt-4"
        >
          <label
            class="col-sm-2 col-form-label"
            for="optionTwo"
          >
            Option Two
          </label>
          <div
            class="col-sm-9"
          >
            <input
              class="form-control"
              id="optionTwo"
              name="optionTwo"
              required=""
              type="text"
              value=""
            />
          </div>
        </div>
        <div
          class="text-center"
        >
          <button
            class="btn btn-dark mt-4"
            type="submit"
          >
            Submit
          </button>
        </div>
      </form>
    </div>
  </body>,
  "container": <div>
    <form
      class="w-75 bg-light px-4 py-4"
    >
      <h6>
         Asked Would You Rather:
      </h6>
      <div
        class="form-group row mt-4"
      >
        <label
          class="col-sm-2 col-form-label"
          for="optionOne"
        >
          Option One
        </label>
        <div
          class="col-sm-9"
        >
          <input
            class="form-control"
            id="optionOne"
            name="optionOne"
            required=""
            type="text"
            value=""
          />
        </div>
      </div>
      <div
        class="form-group row mt-4"
      >
        <label
          class="col-sm-2 col-form-label"
          for="optionTwo"
        >
          Option Two
        </label>
        <div
          class="col-sm-9"
        >
          <input
            class="form-control"
            id="optionTwo"
            name="optionTwo"
            required=""
            type="text"
            value=""
          />
        </div>
      </div>
      <div
        class="text-center"
      >
        <button
          class="btn btn-dark mt-4"
          type="submit"
        >
          Submit
        </button>
      </div>
    </form>
  </div>,
  "debug": [Function],
  "findAllByAltText": [Function],
  "findAllByDisplayValue": [Function],
  "findAllByLabelText": [Function],
  "findAllByPlaceholderText": [Function],
  "findAllByRole": [Function],
  "findAllByTestId": [Function],
  "findAllByText": [Function],
  "findAllByTitle": [Function],
  "findByAltText": [Function],
  "findByDisplayValue": [Function],
  "findByLabelText": [Function],
  "findByPlaceholderText": [Function],
  "findByRole": [Function],
  "findByTestId": [Function],
  "findByText": [Function],
  "findByTitle": [Function],
  "getAllByAltText": [Function],
  "getAllByDisplayValue": [Function],
  "getAllByLabelText": [Function],
  "getAllByPlaceholderText": [Function],
  "getAllByRole": [Function],
  "getAllByTestId": [Function],
  "getAllByText": [Function],
  "getAllByTitle": [Function],
  "getByAltText": [Function],
  "getByDisplayValue": [Function],
  "getByLabelText": [Function],
  "getByPlaceholderText": [Function],
  "getByRole": [Function],
  "getByTestId": [Function],
  "getByText": [Function],
  "getByTitle": [Function],
  "queryAllByAltText": [Function],
  "queryAllByDisplayValue": [Function],
  "queryAllByLabelText": [Function],
  "queryAllByPlaceholderText": [Function],
  "queryAllByRole": [Function],
  "queryAllByTestId": [Function],
  "queryAllByText": [Function],
  "queryAllByTitle": [Function],
  "queryByAltText": [Function],
  "queryByDisplayValue": [Function],
  "queryByLabelText": [Function],
  "queryByPlaceholderText": [Function],
  "queryByRole": [Function],
  "queryByTestId": [Function],
  "queryByText": [Function],
  "queryByTitle": [Function],
  "rerender": [Function],
  "unmount": [Function],
}
`;
